// Jest Snapshot v1, https://goo.gl/fbAQLP

exports[`SpWolf renders SpWolf component correctly after initializing via FormHOC 1`] = `
<div>
  <div>
    <h2
      style={
        Object {
          "fontWeight": 700,
        }
      }
    >
      Foo
    </h2>
    <div>
      <label
        htmlFor="foo"
      >
        Foo
        <input
          id="foo"
          name="foo"
          onChange={[Function]}
          required={true}
          type="text"
          value="foofoo"
        />
      </label>
    </div>
  </div>
  <div>
    <h2
      style={Object {}}
    >
      Bar
    </h2>
    <div>
      <label
        htmlFor="bar"
      >
        Bar
        <input
          id="bar"
          name="bar"
          onChange={[Function]}
          required={undefined}
          type="text"
          value={undefined}
        />
      </label>
      <label
        htmlFor="barConditional"
      >
        Bar Conditional
        <input
          id="barConditional"
          name="barConditional"
          onChange={[Function]}
          required={undefined}
          type="text"
          value={undefined}
        />
      </label>
    </div>
  </div>
</div>
`;
